glob(bool):bool;
main(->int):int(){
	a(int):int;
	glob(bool) = a(int);
}
